Louis Ginzberg
00544
Henrik Ibsen
00710
Alexandre Dumas, pĂ¨re
00456
Adolphe Thiers
02752
Lady Gregory
01857
Lane Cooper
02019
Leonard Merrick
02762
Juanita Helm Floyd
00911
John Edgar McFadyen
02076
John Webster
00704
Hilda Conkling
00560
Emile Gaboriau
00164
Aneurin
02733
Thomas Kyd
01648
William Hayley
02569
Dorothy Kilner
00614
Amy Steedman
00252
Jessie Eldridge Southwick
02245
G. K. Chesterton
00107
Lola Ridge
01208
Lyndon B. Johnson
01405
Constance Lindsay Skinner
00889
Matthew Arnold
01158
James Sheridan Knowles
00982
William Dobein James
00403
Percy Keese Fitzhugh
02728
Don Manoel Gonzales
00835
Charles Kingsley
00302
Catherine Benincasa
02169
E. Pauline Johnson
00981
The Earl of Chesterfield
00959
J. Fenimore Cooper
01146
Giuseppe Salza
00121
Donald Ogden Stewart
00535
Freeman Wills Crofts
00645
Edward Harper Parker
01842
George Smith
00662
George Parsons Lathrop
02054
Lewis H. Morgan
02340
Robert Nemiroff
00069
George E. Woodberry
02126
Frederick Trevor Hill
01149
Harry Leon Wilson
00978
J. Munro
00418
Ralph D. Paine
00895
Duchesse d'Orleans
02220
James Otis
01194
Gene Stratton Porter
00068
Virginia Carter Castleman
02782
Henry C. Murphy
01477
Thomas L. Masson (Editor)
01715
Justus Friedrich Karl Hecker
00580
Sara Ware Bassett
02244
Steve Solomon
01213
F. C. Adams
01294
Gotthold Ephraim Lessing
00801
Cleveland Moffett
02505
Margaret E. Sangster
00759
Mary E. Wilkins
01246
Frederick Jackson Turner
01079
Lysias
01996
William Wells Brown
00125
Gerald R. Ford
01407
Adelbert Chamisso
01505
Grant Allen
01211
Eleanor Hodgman Porter
01626
John Preston True
01643
Carl Schurz
02544
Douglas Jerrold
01650
Isabella Alden
02591
Frederic Austin Ogg
00872
William Archer
02316
G. A. Henty
00828
Charles Brockden Brown
00358
Edith Wharton
00093
Dolores Bacon
01981
Frances Burney
01733
James Smith
01056
Josiah Allenâs Wife: Marietta Holley
02106
Angelina Emily GrimkĂŠ
02760
Plato
00083
Oliver Wendell Holmes
00335
Henry David Thoreau
00043
Alexander F. Chamberlain
02297
Jacquelyn Hedge-Cheney
02211
Lydia Miller Middleton
01962
Duc de Saint-Simon
01090
Clarence E. Edwords
02663
Edited by Dr. Lyman Abbott, Asa Don Dickenson, and Others
02075
Li Yu Kou
02144
Louisa Clayton
02238
Eduard Morike
02200
J.M. Stone
01209
Herbert Hoover
02810
John Dryden
00666
Amelia Gere Mason
00774
Maria Antonia Field
02825
Edward P. Roe
00705
Augusta J. Evans
01172
I. A. R. Wylie
02286
Thomas Moore
01904
Charles Romyn Dake
02495
John Payne
01426
Fryderyk Franciszek Chopin
02643
U. S. Grant, W. T. Sherman, P. H. Sheridan
01252
Benjamin Disraeli
01054
Andy Adams
00638
Suelette Dreyfus
01296
John A. Carpenter
00323
Amy Prentice
02277
Samuel Pepys
00953
PĂ­o Baroja Baroja
02423
Philip Gibbs
00946
R.P. Williams
01040
Chauncey M. Depew
00657
William Harrison Ainsworth
00846
E. M. Hull
02024
Friedrich Nietzsche
00641
Zhong Guan
02157
Boris Pilniak
02199
Matilda Betham-Edwards
02515
William Shakespeare [Apocrypha]
01124
Lodovico Ariosto
00289
Frank Stockton
00219
Thomas Ellwood
01977
Frances Calderč´¸n De La Barca
02631
Francis Hueffer (translator)
01083
C. Suetonius Tranquillus
01751
George Washington Plunkitt
00830
Mrs. Florence (Mother) Roberts
02642
Sara Jeannette Duncan
01253
James Fenimore Cooper
00407
Ritter von Leopold Sacher-Masoch
01941
Clara Barrus
01813
Bill Nye
02386
J. Fitzgerald Molloy
00606
F.W. Moorman
00851
Donald Keyhoe
01615
E. J. Banfield
02135
Unknown Icelanders
00274
Sarah Annie Frost
02432
Robert F. Pennell
02008
Georg Ebers
01524
Gertrude W. Morrison
02352
Cicero
00118
John Forrest
02772
J. H. Fabre
01051
Edna Lyall
00485
Maurice LeBlanc
00549
Edouard le Roy
00514
Lucan
00278
Franz Grillparzer
02288
William Rose Benet
01833
George Allan England
02187
G.K. Chesterton
00577
J. C. F. Johnson
01031
Lady Duff Gordon
00393
Minnie L. Carpenter
02030
Burton J. Hendrick
00879
Theophilus G. Pinches
00670
George Whale
00342
Lucy M. Rossetti
02823
John Denham Parsons
02583
James Huneker
01347
MartinovitsnÄĹ  Kutas Ilona
01545
Various Authors
02049
Susan Coolidge
01257
A. J. O'Reilly
00687
Stewart Edward White
00227
William M. Thayer
02683
Kisari Mohan Ganguli
02270
Paul Henri Thiry, Baron D'Holbach
02133
Steven Sills
01453
Jeanie “Mrs. Aeneas” Gunn
01301
Richard Nixon
01406
J. L. Runeberg
02498
Mark Rutherford
00927
George Bernard Shaw
00399
Nathaniel W. Stephenson
00840
Rolf Boldrewood
01164
Aesop
00009
Thomas Burke
00693
John C. Calhoun
00328
Steven Stills
01251
Rosa Nouchette Carey
01113
Edited by William Patten
01723
Katharine Newlin Burt
02207
Mark Twain (Samuel Clemens) and Charles Dudley Warner
01600
Christian Rosencreutz
02831
Izaak Walton
00306
Lousia Muhlbach
01023
Henry Eldridge Bourne
02754
Alfred Lord Tennyson
00357
Marcus Tullius Cicero
00829
Henry Sweet
01518
Frank Preston Stearns
02077
Canniff Haight
01861
Lillian B. Lansdown
02150
Moliere (Poquelin)
02523
William Bray
00688
Annie Gregg Savigny
02082
B.L. Putnam Weale
01243
W.J. Jackman and Thos. H. Russell
00398
Lewis Roth
00447
W. R. Inge
01283
Edward Wilson Landor
02081
Samuel Richardson
01684
Lydia Maria Gurney
02456
Coningsby Dawson
02204
Thomas Hughes
00540
Charles Waterton
02365
Ralph Bonehill
02510
James MacPherson
02367
Franklin P. Adams
01682
Christopher Pierce Cranch
01972
Edmund Gosse
00778
Jane Austen
00058
Edwin Arlington Robinson
00167
L. Lamprey
01562
Carl Lotus Becker
00893
Avery Hopwood
00647
Albert Payson Terhune
00732
Sarojini Naidu
00303
Charles Johnston
00772
Gustave Droz
01097
Harold MacGrath
00620
F. Hopkinson Smith
00381
M. G. Lewis
00277
William Hickling Prescott
00463
Michael Husted
00162
Elinor Glyn
01492
Mrs. Everard Cotes (AKA Sara Jeannette Duncan)
01427
Earl Derr Biggers
00585
Mary Cole
02178
Louis Bertrand
02582
Charlotte Herr
01462
E. Dixon
02479
Cletto Arrighi
02618
Smyrnaeus Quintus
00300
R. L. Alsaker
02450
Kathleen Hay
02665
James Bovell Mackenzie
01823
John Kendrick Bangs
00909
John Goerzen and Ossama Othman
01809
Jean-Baptiste Poquelin [AKA MoliÄre]
01718
Jeannette Marks
02267
Vernon Lee
02373
J.M. Barrie
01425
Zitkala-Sa
00180
J. J. (John Jacob) Thomas
01139
Akutagawa Ryunosuke
00637
David Widger
00970
John Charles Dent
01975
Paul Hentzner
00640
George M. Gould
00332
Martha Finley
01771
James Cowan
02251
H. D. Traill
01974
F. Scott Fitzgerald
00362
John Dewey
00383
George Grossmith
00430
William Bennett Munro
01279
George William Russell
01587
W. H. Leathem
02639
MoliÄre
02830
Mrs. Cecil Hall
01897
John Van Der Zee Sears
02127
James MacPherson Le Moine
02025
John Greenleaf Whittier
00390
Marion Polk Angellotti
01028
Henry F. Lutz
02196
Henry James
00102
Horace Walpole
00312
Tobias Smollett
01143
Voltaire [Pseudonym of Francois Marie Arouet]
02803
John McElroy
00888
St. George Stock
01812
Juliet James
01534
Watkin Tench
00992
U.S. Census of Population and Housing
00065
Joseph E. Morris
01169
F. A. M. Miguet
02680
Juhani Aho
02587
Philip H. Sheridan
01609
Paul Thorne
01063
Ada Leverson
02712
Elizabeth von Arnim
01632
Francis Hodgson Burnett
00200
Carlton J. H. Hayes
01759
Jeffrey Farnol
00741
Elizabeth Barrett Browning
02794
Dr. Henri Blanc
02546
Julian Hawthorne
00562
Isaac Landman
02191
George Sand
00700
Edward Bulwer Lytton
00523
Jessie Graham Flower
01348
Frank V. Webster
01678
Carolyn Wells
00850
Daniel G. Brinton
02609
Royall Tyler
00260
Ed Krol
00024
Ida Coe
01872
Louise-Clarke Pyrnelle
01374
Mrs. Humphrey Ward
02686
Augustus Jessopp
01843
George Forbes
02369
George W. Brooks
01892
Yei Theodora Ozaki
01120
M. Louise Greene, Ph. D.
02179
John Nichol
02711
John Clare
02499
Mary Eleanor Wilkins Freeman
00564
John Gabriel Stedman
02332
Lafcadio Hearn
00322
Arthur Helps
02181
E. L. Bulwer; and, Lord Brougham
02490
Stendhal
00360
Robert Graves
00526
Mrs. O. F. Walton
02180
Eden Phillpotts
00554
Oliver Goldsmith
00199
Thomas A. Janvier
02757
Edith van Dyne
01551
Homer Randall
01693
Edward Everett Hale
00543
John Filson
00400
Yasumasa Kanada
02790
Richard le Gallienne
00286
Austin Dobson
01874
J. M. Bacon
00385
Edmund Spenser
01980
Anna (Bonus) Kingsford
01548
Ernest Hamel
02518
Georg BçŤŻchner
01418
Deng Xi
02094
Orison Swett Marden
01263
Helen Keller
00734
Robert Tressell
01004
Emma Gellibrand
02153
Arthur Conan Doyle
00059
Madame de StaĂŤl
02250
Frank R. Stockton
00285
Winn Schwartau
00046
Katharine Pyle
00918
Eugen Neuhaus
01290
Mina Benson Hubbard (Mrs. Leonidas Hubbard, Junior)
01180
L.C.
02749
Maurice Hewlett
01583
Ludwig Thoma
01359
James Parton
01854
Mrs. Harriet A. Adams
01331
Horace B. Day
02120
Feodor Dostoevsky
00288
William Brett Fishburne
01249
William Henry Withrow
01932
Nahum Slouschz
02213
John Fiske
00440
Zhitui Yan
02185
Margaret Mayo
00384
Dod Grile
01330
Leonard Huxley
01421
Gong Sun Long
02827
Sir Edwin Durning-Lawrence
02737
Charles Mair
01936
Raphael Sabatini
00932
Edward S. Corwin
00931
George William Curtis
01776
Joe Hutsko
00236
Ellingwood Beach
01794
George Berkley
01250
John Fox Jr.
00171
Edith Bancroft
01352
Charlotte Fuhrer
02422
James Barron Hope
02698
Colonel George Durston
01629
William D. Howells
00767
Grimm Brothers
01493
Susan Glaspell
02158
Wolfgang Menzel, Trans. Mrs. George Horrocks
02400
Gideon Wurdz
00639
William N. Harben
00884
Coleridge
02439
Almroth E. Wright
01458
Hosea Ballou
02389
Alice Caldwell Hegan
01223
Flavius Josephus
00841
Brevet Col. J.C. Fremont
02615
Paul Verlaine
01281
Logan Pearsall Smith
02458
Gordon Home
02444
Frederik van Eeden
02598
Norman Bentwich
02713
William Hazlitt
00658
Bret Harte
00496
George Otto Trevelyan
00796
Thorstein Veblen
00375
Thomas Malory
00476
JosĂŠ  Rizal
01902
Vachel Lindsay
00218
Alexander Maclaren
02039
Albert Keim and Louis Lumet
01011
Thomas Henry Huxley
00498
Project Gutenberg
00104
A. A. Milne
00603
William Osler
00552
Philip Nichols
00844
Friedrick Wilhelm Nietzsche
02088
Archer B. Hulbert
00894
“Elizabeth”, AKA Marie Annette Beauchamp
00506
Richard B. Cook
02756
Sir George Webbe Dasent
02566
George Randolph Chester
01219
Honore De Balzac
02362
Max Beerbohm
00341
Russell H. Conwell
00193
Marcel Proust
00798
Edmund Goldsmid
01747
Arthur Scott Bailey
01561
Zachary Taylor
01393
Samuel Merwin, et al.
02417
Ludvig Holberg
01582
George Barr McCutcheon
01305
Sir Rabindranath Tagore
02289
Joseph Rickaby, S. J.
02335
Thornton W. Burgess
00588
A. H. Leahy
01555
Frederick A. Talbot
00359
Owen Meredith
00598
Julius Wellhausen
01313
Thomas Adolphus Trollope
01454
Lew Wallace
00689
Henry Cabot Lodge, and Theodore Roosevelt
00601
Richard Marsh
01448
Walter E. Traprock
01825
William Lyon Phelps
01635
Joseph Butler
00899
Guy de Maupassant
00272
Fritz Muller
01786
Hiram Corson
00137
Robert Lee Berry
02016
Nicholas Nekrassov
02688
John Lydgate
00848
William Aikman
01134
George Gilfillan
02704
Ethel C. Pedley
01038
Zane Grey
00201
Irving Bacheller
00825
Harold Brighouse
01734
Mary Esther Miller MacGregor, AKA Marion Keith
00583
F. B. Tarbell
01231
Edwin A. Abbot
00105
William Dool Killen
02557
Grace S. Richmond
00813
Thomas Bulfinch
00952
William Godwin
00330
John D. Barry
00900
Gilbert K. Chesterton
00232
Mrs. Charles (Ellen) Clacey
01133
Melville Davisson Post
00845
E. L. Voynich
00969
William H. Ryus
02719
Azel Ames
01151
Henry Van Dyke
00316
Father Candide Chalippe
01742
Andre Theuriet
01100
"Vera"
01922
Charles Darwin
00409
August Niemann
00649
Henry van Dyke
00436
Earle Ashley Walcott
02240
Rutherford Platt
00206
Stephen Levy
00324
Edmund Venables
00432
Rene Doumic
00076
Jean Jacques Rousseau
01095
Valentine Williams
00738
J. A. Mitchell
02192
Wm. H. Maher
01687
Madame du Hausset, and of an Unknown English Girl and the Princess Lamballe
01091
General Sir John Ayde
02020
Arthur Guy Empey
02294
Frederick Martin
02435
Edward Jenkins
00269
Elbert Hubbard
00212
Isabella L. Bird (Mrs Bishop)
01170
Krishna-Dwaipayana Vyasa
02296
Mark E. Laxer
00090
U.S. Copyright Office
01702
St. Jude, R. U. Sirius, Bart Nagel
00404
Richard Le Gallienne
00925
Leon de Tinseau
01713
Maciej hr. Lubienski
01637
Catherine Booth
01864
Brett Page
01501
Vingie E. Roe
01478
Samuel Bulter
01140
Clemens Brentano
01235
Ralph Parlette
00225
Eliza Burt Gamble
00297
Michael Earls
00936
Augusta Groner
00591
by Robert Barr
02497
United States Central Intelligence Agency
00103
Edgar Allan Poe
00441
Ellen Key
00420
Edward Stratemeyer
01376
Anne March
01870
Edgar Saltus
01175
Snorri Sturlason
00275
Benjamin Nathaniel Bogue
01178
Mrs. C. F. Fraser
01259
A. Conan Doyle
00842
John Breckenridge Ellis
01652
F.V.N. Painter
02114
J. H. Patterson
01073
Nathaniel H. Bishop
01557
Jimmy Carter
01408
Baron Trenck
00804
HUTTON WEBSTER
02292
Madame Sarah Grand
02500
Erasmus Roterodamus
02399
Owahyah
02235
Alexander Kielland
02494
Voltaire  (Jean-Marie Arouet)  1694-1778
01441
Adela Florence Cory Nicolson (AKA Laurence Hope), et al.
02379
T. S. Ackland
01264
James Seton Cockburn
01910
Elizabeth-Charlotte, Duchesse dâOrleans
01089
Emily Bronte
00347
Aug. J. Thebaud
00898
Mary Robinson
02723
Sir James George Frazer
02802
Shelden Cheney
02173
Henry Lindlahr
01182
Rex Beach
01142
Charlotte Yonge
01006
Baruch Spinoza  [Benedict de Spinoza]
00428
Aristotle
00633
DeLancey M. Ellis
02621
Annie Roe Carr
00808
Henry L. Williams
02147
Norman F. Joly
00039
John Gower
00142
J. Alexander Gunn
01474
(AKA Charlotte Bronte) Currer Bell
00431
James Anthony Froude
02411
E. F. Benson
00671
Edgar Jepson
01117
Myrtle Reed
00482
E.C. (Edmund Clerihew) Bentley
00785
A.C. Seward and Others
00619
William R. Shepherd
00882
William Pittenger
02176
William Alexander Linn
00746
Charles Goddard
01656
Michael Artzibashef
02577
Moliere
00777
Francis Thompson
00511
Harry Steele Morrison
01372
Henry Seton Merriman
01072
R. F. Weymouth
02535
Brendan P. Kehoe
00021
Edward Lear
00419
Hamilton Wright Mabie
01179
Max Farrand
00876
Henry Lawson
00110
Lord Dunsany [Dunsany, Edward John Moreton Drax Plunkett, Baron]
00495
William le Queux
02714
Ernst Lehrs
01546
Charles W. Colby
01159
Edna St. Vincent Millay
00060
Frederick Lawton
01077
Percy James Brebner
02715
Calvin Thomas
02647
Giovanni Virginio Schiaparelli
02234
G. W. Curtis, ed. George Willis Cooke
02387
Charles Mackay
00296
John Douglas Sutherland Campbell
02091
Godmunder Kamban
01315
Sara Cone Bryant
00235
Elizabeth Drew Stoddard
00392
Mrs. Henry Clarke
02363
Sir Samuel W. Baker
01018
Thomas More
00682
George Eliot
00080
Mary Hallock Foote
02385
Giraldus Cambrensis
00451
Madame La Marquise De Montespan
01087
Edwin A. Abbott
00054
Willa Cather and Alfred Noyes
00052
Euripedes
01414
Samuel de Champlain
01855
J. Frank Dobie
00168
Matthew L. Davis
02266
Hon. Jefferson Davis
01467
Philip E. Muskett (?-1909)
01162
F. Marion Crawford
01074
Sir Charles Lyell
01058
Eliot Gregory
00170
John G. Nicolay and John Hay
01925
Mary E. Mann
02287
Johann Wolfgang Goethe
01500
Robert de Boron
01346
Emile Souvestre
01112
John Habberton
01185
S. L. Brengle
01689
Anna M. Galbraith
01370
Mihai Nadin
00757
H.E. Marshall
01574
Edith Nesbit
01224
Milliam Meinhold
01883
Caesar Flavius Justinian
01631
Henri Rene Guy de Maupassant
01022
John D. Philbrick
02090
George Alfred Townsend
01844
Josephine Lawrence
01328
John Ruskin
01303
C. J. Dennis
02807
George W. Peck
01694
E. H. YOUNG
02349
Susanna Rowson
00097
Pierre Corneille
00779
John Ellis
01789
Franรงois-Alphonse Aulard
02533
Edgar Franklin
02356
Stella G. S. Perry
02820
Joseph Devlin
01753
William A. Williams
02446
Hildegard G. Frey
01960
Marie L. Shedlock
01624
Virgil
00119
Brander Matthews (Editor)
01716
Frederick Winslow Taylor
01767
Andrew Barton Paterson
01680
George MacDonald
00117
Francis Parkman, Jr.
00427
Anthony Hope
00053
John H. Bechtel
01367
Xiang Liu
02137
Alain-Fournier
01589
Samuel D. Humphrey
00094
Marguerite de Valois, Queen of Navarre
01085
Hristo Botev
02799
Friedrich von Schiller
01805
Henry Benjamin Wheatley
00195
Mary Austin
00191
Henry Smith Williams
00574
William Meinhold
01882
John Alexander Logan
02065
Jacques Casanova de Seingalt
00860
Arthur Christopher Benson
01240
Jose Rizal
01957
Walter G. Ivens
01585
Ămile Gaboriau
02487
Constant
00999
Charlotte Elizabeth
02341
Graham B. Forbes
01961
John Hanning Speke
00930
Nathaniel Hawthorne
00020
Giuseppe Garibaldi
02071
J. Wilbur Chapman
02771
Roy Benson
02083
Katharine Berry Judson
00764
John Pinkerton
00800
Robert Browning
00849
Justus Liebig
02805
Henry C. Shelley
01881
Ernest Thompson Seton
00448
Karl Gutzkow
02778
Hanford Lennox Gordon
02346
Clara Reeve
01457
Theodore Dreiser
00120
Hugh Latimer
00749
Dr. Armgaard Karl Graves
01987
K. Langloh Parker
01076
Josiah Allenâs Wife (Marietta Holley)
02656
Anne Bronte
00346
Franz Peter Schubert
01538
John Finnemore
02283
Homer (Lang, Leaf, Myers trans.)
00886
Black Hawk
02051
G. Mittag-Leffler
02253
H.E. Butler
02619
Daniel Young
02813
Sir Samuel White Baker
01025
W. C. Green
01480
Mrs. L.T. Meade
01371
(A.E.)George William Russell
02336
Samuel B. Allison
02242
Annie Besant
01183
Elizabeth Rebecca Ward, AKA Fay Inchfawn
00980
Edmond Jaloux
01344
Louise de la Ramee
01605
Joseph Hergesheimer
01939
St. George Rathborne
01349
E. V. Lucas
00675
Sun Tzu
00072
L. Muhlbach
00993
James Richard Joy
01614
Daniel Defoe
00194
Frances Jenkins Olcott
00188
L. H. Woolley
01271
Tullia d'Aragona
01983
by William Henry Knight
01013
Emma Wolf
00595
Mark Akenside
02720
Maurice Thompson
01148
William Shakespeare (Apocrypha)
01177
Margaret Deland
00730
Samuel White Baker
00653
Henry T. Sell
02141
L. Adams Beck
00599
Christoper Marlowe
00352
Tao Yuan Ming
00676
Alice B. Emerson
01369
Alfred, Lord Tennyson
00283
Josephine Preston Peabody
02623
Abby Morton Diaz
01886
Ben Hecht
02310
Arsene Houssaye
02613
Walter de la Mare
00890
Herbert N. Casson
00369
Anon.
01468
A. H. J. Greenidge
02709
Alexander K. McClure
00771
Frances Parkinson Keyes
02706
Frederic Mistral
02014
Philip Gilbert Hamerton et al
02453
Margaret Burnham
01779
Richard Johnson
01132
edited by Henry Chadwick
02668
Henry Inman
02308
Mrs. Mary Rowlandson
00382
Willard F. Baker
01819
Agatha Christie
00387
A. Frederick Collins
01982
Geraldine Bonner
02708
Albert Bigelow Paine
00861
Ouida [Louise de la Ramee]
00976
John Goodwin
00045
Charles Stewart Given
02547
Gertrude Atherton
00241
Marvin Dana
00397
William F. Fox
01324
Jules Verne
00049
Henry H. Snelling
00095
Victor MacClure
00239
Isabel C. Byrum
02028
Thomas Paine
00081
David Livingstone
00433
Steven E. Jones
01617
W. F. Markwick, D. D. and W. A. Smith, A. B.
01700
(Poquelin) Moliere
02526
Dornford Yates
00333
William Kirby
00816
Laurence Housman
00990
Giambattista Basile
00703
Florence Henrietta Darwin
01532
Dougan Clark
01858
Lao-Tze
00112
H.L. Sayler
01966
Reuben Post Halleck
01760
H. Stanley Redgrove
00484
Nennius
00632
Charles Dudley Warner
00897
Horatio Alger
00157
A. B. Paterson
00499
Samuel Lover
02080
Charles G. D. Roberts
01988
Howard R. Garis
00667
William Butler Yeats
01449
By Kate Douglas Wiggin
00573
August Evans Wilson
01155
Dr. G.V. (C.V.) Legros
00985
Ralph Victor
01526
Catherine Helen Spence
01163
Mary Webb
02036
Ring Lardner
02170
Frances Boyd Calhoun
01460
Georg Grasser
02306
Johann Peter Hebel
02248
John Hargrave
00937
Victor Cherbuliez
00755
Henry Handel Richardson
01043
Clarence Day, Jr.
01956
Charles W. Sanders
02585
Marion Harland
01536
Standish OâGrady
01424
William Osmer
01564
Mary Roberts Rinehart
00175
Thomas Hardy
00015
Mary Shelley
01775
Henry Watterson
02428
Emily Paret Atwater
02186
Joseph Smith
01893
George W. Sands
00644
Coleridge, ed Arthur Symons
02382
Arthur Machen
00203
Stan Kerr
00031
Thomas Malthus
01168
Max Nordau
01166
J. W. Powell
02847
Cal Stewart
00416
Andrew Kippis
02232
David Graham Phillips
00220
Robert Burns
00487
Stanley Weyman
00611
Dante Alighieri
00425
Franz Kafka
01464
James Elroy Flecker
01082
Susan Fenimore Cooper
00692
Joseph Fisher
01071
G. Mercer Adam
02492
Gudrun Thorne-Thomsen
02489
F. Colburn Adams
01287
Jane Andrews
01591
Justin Huntly McCarthy
01509
William McKinley
01396
Ellsworth Huntington
00887
Anton Checkov
00582
Erskine Childers
00720
Phillipe de Massa
01099
Kate Douglas Smith Wiggin
00602
William Ware
02567
William Guthrie
01007
Thucydides
02066
Dante Gabriel Rossetti
01034
John H. Tilden, M.D.
01196
James Lane Allen
01067
Luise von Muhlbach
00948
Purnananda Chakravartin
02078
Christopher Evans
00719
[AKA Ohiyesa], Charles A. Eastman
00179
Heinrich Heine
01527
Arno Holz and Johannes Schlaf
01265
William Petty
01533
Albert Mathiez
02844
Emma Dorothy Eliza Nevitte Southworth
01748
Daniel Callahan
01808
J. F. Jameson, Editor
00908
Theo. F. Rodenbough
02134
William Le Queux
01299
Charles Inman Barnard
02846
Lyman Abbott
01355
Enid Bagnold
02779
Sara Yorke Stevenson
01636
Walter Bagehot
01217
Mary Russell Mitford
02796
Clarence Young
01382
Henry Charles Carey
02317
James Clerk Maxwell
01336
"Old Sleuth"
01475
Morris Rosenfeld
01946
David Slowinski
00041
Demetrius Charles Boulger
01888
John Burroughs
00910
Grace Isabel Colbron and Augusta Groner
00592
Isaac Taylor Headland
00251
Dante Alighieri, Translated By The Rev. H. F. Cary
02528
Roy Rockwood
01375
Louis Hemon
01227
A.R. Narayanan
00870
T. S. Eliot
00502
Douglas Mawson
01691
Hendrik Willem van Loon
02785
United States Bureau of the Census
00016
Don Marquis
00226
Chester K. Steele
00545
Karl Marx and Friedrich Engels
00037
James B. Stetson
01273
Gene Stratton-Porter
00061
A. E. Housman
01572
John Milton
00014
Ann Radcliffe
00926
Aubrey De Vere
02074
[Titus Lucretius Carus] Lucretius
00356
A Bushman
02548
Beatrice Forbes-Robertson Hale
02262
H. E. Bird
01334
Robert J. Evans
02644
Kirk Munroe
01233
D. H. Lawrence
01160
Rene Descartes
01232
Carl Ewald
01442
Gabrielle E. Jackson
01576
Marie Belloc Lowndes
00646
John Breckinridge Ellis
00650
John Addington Symonds
01254
Aleksandr Nicolaevich Ostrovsky
02313
Frank L. Packard
00466
Thomas Nelson Page
00176
Charles Whibley
00565
Joseph P. Tumulty
02347
Ulysses S. Grant
00443
Hendrik van Loon
00337
Robert Louis Stevenson
00026
R. M. Ballantyne
01736
Eugene Wood
00792
H. Barber
00368
P. G. Wodehouse and C. H. Bovill
02513
William Blades
00493
Francis Kermode
01724
G. Whitfield Ray
02198
Th. Bentzon (Mme. Blanc)
01107
Eugene Stock
02001
Nora A. Smith
01606
Maurice Maeterlinck
01216
Luís Vaz de Camões
00954
Brillat Savarin
01522
J. Sheridan LeFanu
02674
Cherubini
02812
Bolton Hall
01239
Joseph Jacobs (coll. & ed.)
02274
B.M. Bower
00492
John Drinkwater
01539
Sara Teasdale
00207
Swami Paramananda
00929
United States.  Central Intelligence Agency.
00013
Thomas Hart Benton
00329
Ross Kay
00262
John Masefield
00486
Sarah Fielding
00615
Samuel Pegge
02334
Mary Johnston
00572
Richard Henry Savage
01628
Margaret Sanger
00571
Edward Creasy
01135
The Marquis de Nadaillac
00940
Ivan Vazov
00852
Van Tassel Sutphen
01052
Georges Jacques Danton
01875
F. B. Vaux
02259
Richard Wagner (translated by Edward Dannreuther)
01244
Fyodor Dostoevsky
00782
Joseph Furphy
00977
J. Cuthbert Hadden
01066
S. B. Shaw
02021
Jacob Feis
02354
James Thomson
00472
Mrs. George Sheldon
01384
H. W. Conn
01358
Austin Bishop
02201
Andrew J. Blackbird
02007
Albion W. Tourgee
01653
Theodor Storm
02550
George Rawlinson
00717
John Sherburne Sleeper
02483
Harry Houdini
00221
Joseph Conrad
00115
Dorothy Canfield
01507
B.M. Sinclair, AKA B.M. Bower
00617
An Anonymous Young Girl
00336
Friedrich (Johann Christoph Friedrich von ) Schiller
01799
Percival Lowell
00525
Charles James Fox
01171
William Westgarth
01590
Roualeyn Gordon-Cumming
02403
Felicia Buttz Clark
02285
Arthur Stuart-Menteth Hutchinson
02816
James Legge
00896
Adolphus William Ward
01010
Peter Mark Roget
00010
Johann Christoph Friedrich von Schiller Schiller
01802
Robert Green Ingersoll
02355
Rudolph Erich Raspe
00902
Imbert De Saint-Amand
01190
Richard de Bury
00294
Dinah Maria Mulock Craik
00718
AndrĂŠ Gide
01903
Edward Francis Wilson
02005
Algernon Charles Swinburne
00686
Colonel Henry Inman
01570
Ida Pfeiffer
00610
Robert Louis Stevenson and Lloyd Osbourne
00429
J. Smeaton Chase
02581
Bourrienne, Constant, and Stewarton
01046
Mary E. Blain
01618
Louisa M. Alcott
00814
A. Herbert Gray
01821
C.F. Meyer
01596
Fredrich de la Motte-Fouque
00838
Laura S. Haviland
02122
Inez Haynes Irwin
00941
L. Zamenhof
02388
A. Merritt
00345
James Root Hulbert
01814
Epiphanius Wilson and J. Walker McSpadden
02478
Saxton Pope
02327
Michael Hart
00130
Mary D. Brine
02638
Matthew White, Jr.
01378
Jerome Lobo
00532
American Sunday School Union
02326
Addie Chisholm
01950
Alexandre Dumas, Fils
00739
Lydia Maria Child
02406
Octave Thanet
00858
Henry Jones Ford
00881
Ralph Henry Barbour
01793
Robert F. Murray
00509
Miriam Michelson
00237
Theodore W. Storm
01853
Alexandra Kuprin
01304
Alfred de Musset
01101
Anna Bowman Dodd
02293
Dora Sigerson
02670
Johanna Spyre
02742
Rudyard Kipling
00122
Louis Agassiz
01663
Johanna Spyri
00536
Heinrich Zschokke
00811
Mrs.(Margaret) Oliphant
00781
Aristophanes et al
02507
Fanny Burney
01602
Franz Liszt; letters collected by La Mara and translated
01049
Geoffrey Chaucer
00134
Mary Wollstonecraft (Godwin) Shelley
00050
Kathleen Norris
01157
John Henry Goldfrap
02000
Jean de la Fontaine
02105
Francis Pretty
00863
Arlo Bates
02451
Anna McClure Sholl
02845
Will N. Harben
01651
Lucy Fitch Perkins
00987
Josiah Allen's Wife (Marietta Holley)
02655
Mrs. Inchbald
01065
Edmond Rostand
00478
Miguel de Cervantes Saavedra
00424
John Charles McNeill
00597
Margaret Fuller Ossoli
02484
Wilkie Collins
00087
Mrs. Humphry Ward
02323
Sophocles
00018
Winston S. Churchill
01351
Marietta Holley
00967
Earl of Beaconsfield, Benjamin Disraeli
02732
William Ewart Gladstone
00968
Ellen Velvin
01611
Mark Twain (Samuel Clemens)
00042
Selected and arranged by William Patten
02322
Cesario Verde
02511
Stuart J. Reid, ed.
02058
Eliza Leslie
02690
A. W. Kinglake
00152
Charles James Lever (1806-1872)
01473
Hesther Lynch Piozzi
00740
Byron J. Rees
01203
Charles Lyell
01728
J. C. Yule
01840
A. M. Barnard
02501
Wei Liao
02097
Paul Heyse
00903
Kate Langley Bosher
01660
Charles Babbage
00465
Jean Francois Paul de Gondi, Cardinal de Retz
01086
William J. Clinton
01411
Arthur Graves Canfield
02476
Isabella L. Bird (Mrs. Bishop)
00961
Coleridge, ed. Turnbull
02383
Sextus Propertius
00123
G. Harvey Ralphson
00698
Thomas Holmes
00527
William Smith
00678
Walter Scott
00048
Henry Kirke White
02070
Thomas Wentworth Higginson
00422
Gottfried Keller
01878
Edwin L. Arnold
00279
Joseph A. Altsheler
00445
L.A. Abbott
01286
Margaret Dixon McDougall
01835
Charles M. Sheldon
01248
Mary Godolphin
01876
Maria Parloa
01906
E. Louise Smythe
02265
Norman Coombs
00040
Alfred Ollivant
00824
William Ingraham Russell
01703
Rene Bazin
01109
Mangasar Magurditch Mangasarian
01674
John Graham (David Graham Phillips)
02311
Niccolo Machiavelli
00752
Agatha Armour
01984
Timothy Titcomb
02565
W. Somerset Maugham
00116
Lucille Van Slyke
01639
Caius Cornelius Tacitus
02590
Feodor Sologub
02190
Henry Ford
02092
J. G. Patterson
01428
Charles P. Moritz
01476
Anthony Trollope
00290
RenĂŠ Descartes
00035
John Arbuthnot
00793
E. S. Brooks
00553
E. P. Roe
01486
M. Y. Lermontov
00401
Robert Louis Stevenson and Lloyde Osbourne
00557
Scian Dubh
02667
Edward Potts Cheyney
01144
Ralph Centennius
01191
Alfred Carmichael
02661
Demosthenes
01955
G. W. [George William] Foote
02043
A. F. Pollard
01737
Washington Gladden
01979
Gilbert Keith Chesterton
00685
Adolph Keitel
02650
Henry Bore
02770
"Pheleg Van Trusedale"
01357
Margaret Warde
01765
J. H. Hill
02536
Sir Walter Scott
00233
Gertrude Franklin Horn Atherton
02269
Clara Rayleigh
01954
Helen M. Winslow
02673
S. Baring-Gould
02531
Alfred Henry Lewis
01024
John Hay
01654
Maurice Baring
00761
British Parliament
02357
A. M. W. Stirling (compiler)
02108
Adam Smith
00935
Eugeen Edward Stroobant
01990
John S. Farmer
02431
JosĂŠ Anchieta
02166
Rex Stout
00257
Mrs. E. Prentiss
00770
Elizabeth Davis Bancroft
00623
Captain William B. Perry
01665
Fr. Vincent de Paul
01898
Ralph Waldo Emerson
00857
AEschylus
02481
William Makepeace Thackeray
00276
A. Arthur Reade
01909
Norman Douglas
01238
Francois Duc De La Rochefoucauld
02595
(Mme. Blanc) Th. Bentzon
01108
Frederic Remington
02268
Thomas Dixon
00566
Nicolo Machiavelli
00469
E. Charles Vivian
00389
Sydney Smith
01136
Holland Thompson
00854
Elizabeth Cleghorn Gaskell
00205
George Crabbe
01456
Arthur Sherburne Hardy
02664
John Keats
00760
Saki
00143
O. Henry
00534
John Finley
02068
Bjornstjerne Bjornson
01413
Jakob Michael Reinhold Lenz
01934
E.A. Bennett
02401
E. Edouard Tavernier
01620
Henry Frost
01774
Robert Nemiroff and Jerry Bonnell
00295
Harry A. Franck
01329
Henri Bergson
01218
Sherred Willcox Adams
02243
Cyril G. Hopkins
01245
Jacob William Wright
01322
Horatio Hale
02467
Mrs Alfred Gatty
01419
Joseph E. Badger, Jr.
00354
Helen Reimensnyder Martin
02808
Edna Ferber
00185
Clair W. Hayes
01666
Archibald Forbes
02413
Shang LçŤŻ
02143
W. D. Howells
00885
Harold Frederic
00073
W. E. B. Du Bois
00209
Pencho Slaveykov
00971
William W. Walter
01714
Charles Nordhoff
02343
Ramsay Muir
01206
Edward Bellamy
00293
Robert Steele
01795
Louis Antoine Fauvelet de Bourrienne
00998
Joseph Addison
00822
May Agnes Fleming
00859
E. Nesbit
00349
Albert Ernest Jenks
00939
John Buchan
00261
Jonathan Swift
00292
James Polk
01392
Pliny
00831
Stphen Crane
02004
Richard F. Burton
00736
Henry Stevens
01450
Maurice Liber
00912
Henry J. Coke
00243
Sarah H. Bradford
02789
Bernardin de Saint Pierre
00681
John Niles Hubbard
02142
Anatole France
00622
Alfred Russell Wallace
00776
Randall Parrish
01938
James Cook
02338
Austin Potter
01965
Tom Taylor
00905
Sir Richard Francis Burton
01280
Samuel W. Baker
01003
Edgar Wallace
00807
Auguste Helie
01995
Charles Egbert Craddock (real name: Murfree, Mary Noailles)
01490
Anonymous
00006
William Youatt
02848
Charles Riviere Dufresny
01318
Lucius Apuleius
00567
Horatio Bridge
02284
Henry Sydnor Harrison
02786
Richard Wagner
01443
Adelaide Anne Procter
00713
Lady Charlotte Guest
01447
Jacob A. Riis
01685
Robert Hillyer
01519
Otto Schoenrich
02843
Marcus Aurelius
00805
John Muir
00172
Emma Lazarus
00933
John N. Reynolds
00500
European Union
00308
Henry Kendall
00412
Grace Gallatin Seton-Thompson
02652
John Knox
02702
Alexandre Herculano
02699
W.E. Burghardt Du Bois
02846
Edward Sylvester Ellis (AKA Lieutenant R.H. Jayne)
01603
August Strindberg
01360
Louis A Banks
01917
W. H. Hudson
00408
Jens Peter Jacobsen
01913
Horatio Alger, Jr.
00301
Jean Baptiste Racine
00634
Yue Xun
02172
Jacob Dolson Cox
01992
Mrs Charles Gore
02641
Jerry Bonnell and Robert Nemiroff
00331
Harriet Manning Whitcomb
02033
H. C. Bailey
02707
Henry M. Robert
02592
E. Phillips Oppenheim
00497
Grace Livingston Hill
02721
Social Security Board
02496
Frances H. Burnett
02471
W. A. Fraser
02588
Anna Chapin Ray
01738
Thomas Dykes Beasley
01269
Andrew Steinmetz
00228
Charles Ives
01026
Brigadier Margaret Allen
01701
John H. Parker
01959
Katherine Mansfield
00530
Francis Marion Crawford
01607
Thomas D'Arcy McGee
01847
Myra Kelly
01860
Alfred De Vigny
02700
T.H. Huxley
01756
Hudson's Bay Company
01822
Epictetus
00388
William Morris
00096
Alexander Pope et al
02653
David Starr Jordan
01320
Charles Hose and William McDougall
00938
Brooks Adams
01887
John A. Widtsoe
01342
R. A. Craig
02443
Fa-Hsien
00680
Seneca
01069
G. G. Putnam and Others
01869
Achilles Rose
02301
Alice Dunbar
00309
George P. Marsh
01642
Barnes & Co.
01766
Isabella L. Bird
00338
Guillermo A. Sherwell
02563
John Philip Sousa
00248
Sallust
02312
Elizabeth Cady Stanton
02748
Paul Bourget
01106
Mary H. Kingsley
01619
Latin Vulgate Bible
01199
Selina Bunbury
01912
William Worthington Fowler
01921
R. Selden Rose
01669
Margaret Pollock Sherwood
00744
E. M. Forster
00790
(may be spurious) Plato
00568
J. Hartley Manners
01009
P. J. Proudhon
00189
H. G. Wells
00023
James Harrington
00826
Alexandre Dumas
01429
Emile Zola
01439
H.B. Whipple
02514
Wang Xu
02089
J.W. von Goethe
00773
Sir Robert Baden-Powell
02822
Horace
01515
Charles Churchill
02477
Trumbull White
01156
Henry W. Longfellow
00008
Harriet E. Wilson
00270
Edward Lasker
01338
Richard Jefferies
00213
John Mandeville
00353
Helen Kendrick Johnson
02125
Archbishop Wake
01804
Louis de Rougemont
00459
Alice Hegan Rice
01627
United States. Central Intelligence Agency.
02791
Charles Dickens
00028
Delia Bacon
02103
Dorothy Richardson
00873
Alice Morse Earle
02491
Library of Congress
00032
Charles Turley
02824
Henry Wadsworth Longfellow
00519
W. Tuckwell
00254
P. H. Ditchfield
02436
An Imitator of Plato
00569
Qian Tao
02112
Anton Chekhov
00579
Sarah Bernhardt
02042
Henry Ketcham
01924
Laurence Sterne
00361
Alan Alexander Milne
02130
Catherine Parr Traill
01926
Ernest Seton-Thompson
02628
J. Henri Fabre
00608
Theodore Martin
02115
Heinrich von Kleist
01852
Charles and Mary Lamb
00287
Walter Lippmann
01777
William Morton Payne
01261
John William Polidori
01668
General Philip Henry Sheridan
00799
Mary Raymond Shipman Andrews
01601
E. A. Allen
02798
Susie F. Harrison
02488
George Wrong
00810
Rev. Fred A. Ross, D.D.
02602
Ernst Haeckel
01764
Rees Howell Gronow
01070
Logan Marshall
01061
Algernon Blackwood
01129
Gustave Flaubert
00477
Will Carleton
02672
Marian M. George
02787
(AKA Elia Wilkinson) Elia W. Peattie
00605
Ignatius Donnelly
01125
H. Wilfrid Walker
00784
Conrad Aiken
00473
Frederick Douglass
00011
Phillis Wheatley
00210
Viktor Rydberg
02724
J. Walker McSpadden
00374
Irvah Lester Winter
01726
J. Stark Munro
00155
William Wood
00797
Frederick Niecks
01295
Arthur B. Reeve
00748
Grace Greenwood
02817
John S. Adams
01288
Leon Trotzky
01755
The Princess Der Ling
00394
L. M端hlbach
01138
Maria Monk
02331
Dion Clayton Calthrop
02434
E. H. Chapin
00630
Unknown
00034
Eleanor H. Porter
00190
Alphonse Daudet
00600
Tibullus
02684
P. G. Wodehouse
00655
E J Banfield
01431
Doris Stevens
01001
William Henry Drummond
02717
William Ferneley Allen
01529
Antonio Fogazzaro
02427
A Returned Missionary
02512
Isabel Lady Burton & W. H. Wilkins
01752
Alfred Joyce Kilmer
00141
William Shakespeare [Craig, Oxford edition]
00547
George Hartmann
01195
Dana Gatlin
00986
Archibald Henderson
00731
T.F. Young
02826
Aphra Behn
02402
Edward Carpenter
00548
Lazarillo of Tormes
00222
Ethel Sybil Turner
01312
Robert Ornsby
02302
Rupert Hughes
02044
Huang Shi Gong
02096
Nora Pembroke
01836
Orville O. Hiestand
00997
Arnold Bennett
00707
J. M. Judy
00789
Elias Lรถnnrot
01459
Arthur T. Quiller Couch
01769
N. Destouches
01645
Ivy Kellerman Reed
02239
Herbert A. Giles
00673
John Foster
02568
Anne Douglas Sedgwick
02328
Madame de Lafayette
00229
Various (Rosa M. R. Mikels ed.)
01511
Arabella B. Buckley
01575
Robert L. Drake
01658
Albert Einstein
01380
F. F. Rockwell
02061
Durant Drake
01588
Mable Hale
02027
Robert Service
00108
Charlotte M. Yonge
00766
Sir Ernest Shackleton
01463
Geneve L.A. Shaffer
01907
Sam Vaknin
01282
Charlotte Perkins Gilman
00627
Helen Nicolay
00586
Gordon Stuart
01933
James Hamilton
01012
William Blake
00266
Henry Blanc
02530
E. T. Seton
02630
White Sands Missile Range Public Affairs Office
00150
Lucy M. Blanchard
02682
James Jennings
02184
Louis Joseph Vance
02519
Sir Winston S. Churchill
02648
Mary Wollstonecraft
00074
Lord Dunsany
01566
Edward Lucas White
01657
Clement Juglar
02155
William A. Alcott
02838
Edward S. Ellis et. al.
00320
Floyd Dell
01826
graf Leo Tolstoy
01266
A.E.J. Rawlinson
01623
H. B. Irving
00224
Alexander Petrunkevitch, Samuel Northrup Harper,
02430
Edith H. Allen
02412
Saint Augustine
00934
Sir John Tenniel
00064
Bing Ding, Ed.
02815
Janis Ian
00866
Joanna H. Mathews
01818
Kuno Fischer
01901
Percy Brebner
01746
Bram Stoker
00183
Maxim Gorky
00304
Ralph Chaplin
01690
Robert Sheckley
02580
George Herbert Palmer
01671
Benjamin Harrison
01395
Clara Ingram Judson
02551
Ferdinand Ossendowski
00668
Sylvester Mowry
00728
Alice Meynell
00462
James Joyce
00832
Louisa de la Ramê, AKA Óuida
02227
Mark Twain and Charles Dudley Warner
00913
Michael Clarke
01640
Ruth M. Sprague
00085
Philip Melanchthon
01905
Johann Sebastian Bach
01354
D. G. Hogarh
02188
Henry Timrod
00379
Charles Amory Beach
01778
Thomas Moore et al
02375
HonorĂŠ de Balzac
00575
Cory Doctorow
02833
Alexander Mackenzie
01017
Maurice Joblin
02627
S. T. Rorer
02003
Theodor Hertzka
02744
George Makepeace Towle
02624
Shinran Shonin
02015
Prosper Merimee
00753
Aristophanes
00783
Byron
02539
Hermann Hesse
00762
Song Yu
02119
Thomas Guthrie Marquis
01229
Anna Balmer Myers
01725
Helen Cody Wetmore
00474
Edward Augustus Freeman
00442
Henry B. Fuller
02552
Alleyne Ireland
01543
Paul Henri Thiery (Baron D'Holbach)
02558
The Brothers Grimm
00788
Elizabeth Cooper
01899
Mary Baker Eddy
00975
Frank Bird Linderman
00280
George Wharton Edwards
02649
E.J. Wickson
01444
Hjalmar Hjorth Boysen
00160
Barry Cornwall
01704
James Madison
01388
Booker T. Washington
00727
Lawrence J. Leslie
01973
Caroline Pridham
02834
Aldous Huxley
00642
Alessandro De Gubernatis
02252
Carlotta C. Greer
01970
Donald Mackenzie Wallace
00516
Mrs. Henry Wood
00950
Dom
01502
Georg Wilhelm Friedrich Hegel
01880
Honore de Balzac
00231
Lawrence Beesley
01867
Robert Herrick
00464
Mabel C. Hawley
01479
Benedetto Croce
02840
Stephen Crane
00044
Joseph Edmund Collins
01863
Sir Hugh Walpole
02350
Robert Huntington Fletcher
02086
Isabel Meredith
02047
Alexander Morris
02063
Arthur Schnitzler
02622
Charles Foster Kent
02466
Miss Brightwell
02629
Ben Macomber
02148
Elizabeth Jordan
01622
David Herbert Lawrence
00113
xi zhu
02162
Marshall Saunders
00834
Thomas Babbington Macaulay
00380
Mildred Duff
02062
Edmund G. Ross
00745
John Beames
01929
J. M. Barrie
00182
Robert Ames Bennet
01679
St. John G. Ervine
02662
Herbert Allen Giles
00691
J. D. Hooker
01787
Charles H. Sylvester
01593
Sherwood Anderson
00215
R. Dodsley
02576
Horatio Alger Jr.
00158
Kuo Shen
02131
Caroline Clifford Newton
01879
W. Gilmore Simms
01641
Louisa May Alcott
00091
Hector Malot
01111
Theodor Lipps
02391
Sam Williams
01586
James M. Barrie
00005
Samuel P. Orth
00880
Samuel Lowe
02819
Ămile Zola
01565
James E. Talmage
01540
Roger Ascham
00596
Jeffery Farnol
00648
George Sand, Gustave Flaubert
01432
Walt Whitman
00503
Thomas Bailey Aldrich
00273
Georges Ohnet
01096
Charles James Lever
01472
Herbert Jenkins
00983
United States District Court for the Eastern District of Pennsylvania
01455
Rose Hawthorne Lathrop
01978
Flora Annie Steel
01697
Amy Lowell
00138
Henry D. Thoreau
02736
Madame Campan
01093
Omar Al Raschid Bey
01676
Stéphane Mallarmé
01297
Laurence Hope
01435
Mary E. Bamford
01020
Stephen Angus Cox
02599
Mark Overton
01681
Angela Brazil
02255
Pierre Loti
00701
Arthur Ransome
00505
C. N. Williamson
02716
G. M. Godden
02351
Kate Chopin
00089
Newton H. Chittenden
01832
Emerson Hough
00877
L. de Hegermann-Lindencrone
02032
Augustine Birrell
02124
Captain John Blaine
01731
John St. Loe Strachey
01816
C.F. McGlashan
01662
Hermann Sudermann
02438
George Brandes
02366
Robert W. Chambers
01368
Willam Patten (Editor)
01721
John F. Kennedy
01404
H. S. Merriman
02364
Siegfried Sassoon
02564
Simon Newcomb
01137
Carl Lumholtz
02194
James Johonnot
02445
United States
00051
George H.W. Bush
01410
Burbank L. Todd
00570
Roald Amundsen
00962
Franklin Delano Roosevelt
00057
Chretien de Troyes
00737
Edgar Lee Masters
00488
Edward S. Ellis
01964
Andrew Carnegie
01754
G. P. R. James
01062
H. E. Marshall Author: Henrietta Elizabeth Marshall
01055
Maurice Leblanc
01119
John F. Davis
01272
Catharine Parr Strickland Traill
01788
Jules Claretie
01098
Emile Faguet
02464
Frank Tymon
00371
Walter Horatio Pater
01127
Robert Dodsley
02646
C. E. Orr
02011
John Weaver
02658
Library of Congress Copyright Office
00131
Lyndon Orr
01298
Fulgence Marion
00396
Victor Hugo
00075
(His Son) Captain Robert E. Lee
00715
Leader Scott
02099
Miss Mulock--Pseudonym of Maria Dinah Craik
00242
Alexis de Toqueville
00367
C. B. Clarke
02418
Max Brand
00612
Le Page Du Pratz
02600
Margaret Penrose
00821
Henry Mackenzie
01420
Louis Becke
01075
Kakuzo Okakura
00348
John Oxenham
02784
Swami Abhedananda
02163
S. M. Dubnow
02261
William J. Long
00613
Howard Pyle
00413
Desiderius Erasmus
02635
John Farrar
02793
Ernest Favenc
02073
Mary Grant Bruce
01130
Calamity Jane
00240
Walter Savage Landor
01114
Wassily Kandinsky
01496
D. P. Thompson
01986
P. H. Sheridan
01610
Frederica Seeger
01758
Collected by Carolyn Wells
02637
Margaret Pedler
00906
Charles N. Crewdson
01672
Frank J. Cannon and Harvey J. O'Higgins
02037
Horace W. C. Newte
01215
Martha Young
00314
Victoria Cross
01005
Bertrand Russell
00775
Robert Harris
00124
Albrecht Durer
00916
Arthur G. Doughty
01801
Sir Walter Raleigh
00706
Arthur Gilman
01762
Leroy Scott
00949
Franz Liszt
01228
Richard Lovelace
00315
George Burton Adams
02465
Charles Henry Eden
01167
Thomas Carlyle
00438
W. B. Yeats
01592
Petrus Abraham Samuel van Limburg Brouwer
01890
by (AKA B. M. Sinclair) B. M. Bower
00426
Richard Hakluyt
00984
Sangharakshita
01150
John Frederick Schroeder
02359
Marcius Willson
01935
Henry Seidel Canby
01673
Edward Salisbury Field
02801
Frank Norris
00092
Sabine Baring-Gould
01499
T. S. Arthur
01262
Gaston Leroux
00101
William F. Kirk
02570
Filson Young
01152
J. L. Cherry
02601
Harriet Stark
02586
Gustavus Myers
01797
Ovid et al
02517
Lucy (Fitch) Perkins
02773
Clara Louise Burnham
00819
Robert Seymour
01547
Ian Maclaren
02079
Charlotte M. Braeme
00726
Marcus Tullius Ciceronis
02195
Alexander Pope
00742
Claude Fournier
02540
Sir Arthur Conan Doyle
00376
Charles Sturt
01207
Lafayette
02182
Edward William Bok
00994
JosĂŠ Zorrilla
01465
Herbert Darling Foster
02792
Harry S. Truman
01402
Ada Cambridge
01161
Frederick S. Dellenbaugh
01198
Stephen Palfrey Webb
01597
Melvin L. Severy
00628
Teresa of Avila
02345
Bliss Perry
00960
G.N. Brandt
02614
Joel Barlow
02504
Edward John Eyre
01506
Stanley Waterloo
02485
Thomas Babington Macaulay
00539
Mark Twain
00078
Joshua Reynolds
00697
Euripides
02407
J. T. Cunningham
02447
Arthur Colton
01948
Jean Clottes
00129
William Dean Howells
00086
L. Frank Baum.
00217
Edward Hayes
00957
Francis Lynde
02320
Joseph McCabe
00435
J. Montgomery Gambrill
02553
Steele Rudd
01029
Edith A. How
01877
Kate Milner Rabb
02319
Harriet Camp Lounsbery
01739
Andrew Dickson White
00249
(AKA Kate Douglas Riggs) Kate Douglas Wiggin
00406
Norman Lindsay
01337
Odd de Presno
00047
John McDouall Stuart
02559
George W. Cable
02730
Margaret Hill McCarter
00515
Richard Henry Dana
00661
Harold Howland
00812
Meriwether Lewis and William Clark
02408
Charles Klein
01433
Harold Bindloss
01021
G.A. Henty
01343
Charles Dodgson, AKA Lewis Carroll
00003
Finley Peter Dunne
01311
Jack London
00111
Karl Marx
00513
Henry Edward Krehbiel
01057
Edward J. M. D. Plunkett, Lord Dunsany
02189
Willa Cather
00012
Silvio Pellico
00823
Maria Thompson Daviess
01047
Joseph A. Munk
00339
Edited, with Introduction and Notes, by George Herbert Clarke
02532
J.T. Headley
01944
Horatio
02775
Richard McGowan
00062
Cuthbert Bede
01277
Charlotte Perkins Stetson Gilman
00019
Richard Harding Davis
00173
Fyodor Dostoyevsky
00702
Fustel de Coulanges
02321
William T. Sherman
00791
Kabir
01806
Martin Anderson Nexo
02241
Max Pearson Cushing
01535
C. Collodi--Pseudonym of Carlo Lorenzini
00246
Wilhelm Hauff
01850
Madame de La Fayette
00723
Miss Leslie
01868
R. C. Lehmann
02415
Lucian of Samosata
01722
Amy Brooks
01520
Lida Brown McMurry
01204
Dewitt H. Parker
01741
Owen M. Edwards
00923
Edwin Hodder
02764
Eva Stern
02048
Mrs. John M. E. W. Sherwood
02398
Louise de la Ramee (AKA Ouida)
00521
Edward F. Adams
01537
Nathaniel Wright Stephenson
00576
Abraham Lincoln
00001
Xenophon
00455
Lady Fanshawe
01655
John M. Synge
01226
Charles M. Skinner
01839
Arthur M. Winfield
01381
Adalbert Stifter
02038
Winston Churchill
00202
A. E. W. Mason
01316
H. L. Havell
02584
Charles Franklin Carter
01803
Eva Lecomte
02031
Gary Mann
00146
David Hume
01200
Almira Bailey
01276
Anna Sewell
00145
Mrs. Sutherland Orr
00299
Percy J. Brebner
02738
Zhong Rong
02145
William H. Wharton
02152
James J. Davis
00491
M. R. James
02437
Boileau [Nicolas Boileau-DesprĂŠaux]
01446
Jean Armour Polly
00029
Garrett P. Serviss
02381
Andrew Jackson
01389
Francois Rabelais
00461
Robert Gordon Anderson
02202
Lillian Eichler Watson
02023
Diocese Of Connecticut
01696
Voltaire
00747
Mitzi Perdue
00636
Jean Webster
00088
Gouverneur Morris
01451
Jacob Michael Reinhold Lenz
01930
S. A. Reilly
01837
Lucy Larcom
00711
Allen Johnson
00867
EugÄne Houssaye
02455
Maria Edgeworth
00529
Elmer U. Hoenshel
01202
Benedict of Spinoza
00421
David Masson
01790
Frank Channing Haddock
01189
John Joy Bell
02746
Jean-Francois Regnard
01302
Alonzo Reed and Brainerd Kellogg
02013
Ferdinando Fontana
02694
Ray Woodward
02018
Benvenuto Cellini
01123
Constance Fenimore Woolson
01768
Christopher Morley
00098
Robert Blatchford
01707
James Hogg
00708
Gilbert Parker
01048
William Congreve
00458
Eugenie Foa
02669
Albert Bushnell Hart
01915
Clarence Edward Mulford
00780
Ernest Bramah
00444
R. S. Ball
00712
Mary G. Chandler
02426
Ivan Goncharov
02129
Austin Craig
01949
Etienne Leon Lamothe-Langon
00674
Library of Congress.  Copyright Office.
01192
Rabindranath Tagore (trans.)
01807
Daniel Webster
02223
Norman L. de Forest
01016
Homer Eon Flint
01560
Charles Willing Beale
02374
H. Rider Haggard and Andrew Lang
00817
Fay-Cooper Cole
02017
Henry Festing Jones
00864
Plutarch
00758
Ilya Tolstoy
00366
Ellis Wynne
01553
William Elliot Griffis
02273
Mary C.E. Wemyss
01580
Frances E. Lord
02212
Ettore Socci
02059
Baroness Emmuska Orczy
00820
Paul Leicester Ford
01571
Ann S. Stephens
02325
Virginia Woolf
00079
Margaret Widdemer
02175
Alexandre Dumas (PÄre)
00806
James H. McClintock
02703
John Reed
00891
John Fox, Jr.
00211
Edmund Burke
00696
Washington Irving
00025
Georg Buchner
01497
Herman Melville
00004
Natalie Sumner Lincoln
00581
Scott Hemphill
00030
Henry C. Northam
01416
Elizabeth E. Lea
02594
J. G. Holland
01773
Edward J. Lowell
01709
Marion Mills Miller
02573
Stephen Gwynn
02164
Marie Corelli
01078
Padraic Colum
00733
Talbot Mundy
01234
Joseph Moore
00945
Omar Khayyam
00127
Bayard Taylor
00156
Ben Jonson
01035
Francis W. Parker and Nellie Lathrop Helm
01772
Mrs. W. B. Meloney
02314
The Marquess of Dufferin (Lord Dufferin)
01037
Brian Oswald Donn-Byrne
00663
Mary Murdoch Mason
00590
Mrs. S. T. Rorer
02442
ARNOLD BENNETT
01014
Denis Diderot
01800
Thomas Alexander Browne, AKA Rolf Boldrewood
00460
Mrs Blackford
02295
Arthur Train
01485
Alexander Hewatt
02372
A Gentleman
01556
Philip Melancthon
00281
Jessie L. Weston
01145
Traditional Text
02461
Elizabeth Atkins
02281
Leonardo Da Vinci
01379
The American Tract Society
00439
John Aubrey
01176
Isabel Ecclestone Mackay
01188
Friedrich Schiller
01749
Jennie Hall
02691
HEINRICH HEINE
00988
Ernest Dowson et al
02441
Elinor Wylie
01871
Thomas Sherlock
01528
David Lindsay
00507
Annie H. Ryder
01848
William Nowlin
02769
James W. Gerard
02104
Fannie Hurst
02741
Arthur W. Dunn
01422
John William Draper
00457
Alfred Rochefort Calhoun
01705
Mary W. Tileston
02452
Mary Catherine Judd
02739
Charles Neville Buck
02231
Madam Campan
02217
John Thomas Simpson
01613
Simeon E. Baldwin
02509
Guibert of Nogent
01221
Johann David Wyss
01084
Eugene Sue
00958
Tacitus
00865
T.S. Eliot
01630
D.H. Lawrence
02560
George Moore
01126
Andrew Barton ‘Banjo’ Paterson
00109
Cyrus Thomas
01174
John Ruskin.
00313
Frederick Philip Grove
01677
W.W. Jacobs
01584
W. M. Flinders Petrie
02167
Herbert George Wells
00350
Benedict de Spinoza
00402
Mary Anne Madden Sadlier
02303
Wilton Wallace Blancke
02776
Conrad Ferdinand Meyer
01027
Annie Payson Call
01210
Wu Tingfang
00282
Edited by E. V. Lucas
02632
Francis Leggett & Co.
00972
Elizabeth-Charlotte, Duchesse d'Orleans
01088
Joseph Cottle
02474
P. V. N. Myers
01919
T. S. Stribling
02676
Beatrix Potter
00265
Basil King
02767
Richard Carew
02747
Francis W. Halsey
02675
Warren Harding
01399
Emile Joseph Dillon
02378
William F. Drannan
01504
Dwight D. Eisenhower
01403
Riviere Dufresny
01319
Alexis de Tocqueville et al.
02508
Anne C. Lynch Botta
02368
Winfried Honig
00915
Catherine E. Beecher and Harriet Beecher Stowe
01834
Lewis Hodous
02396
Robert Leighton
02654
Israel Abrahams
01998
Antonia Isola
01750
Baroness Orczy
00036
Helen Hunt Jackson
00827
W.H. Hudson
01512
Madame du Hausset, an âUnknown English Girlâ and the Princess Lamballe
01092
Esaias Tegner
02448
Henry Harland
01530
John Bright
02045
Arthur D. Innes
01895
J. Raymond Elderdice
02462
Rupert Brooke
00139
Hans Gross
00501
Gerhart Hauptmann
02777
Lord Frederic Hamilton
01743
Imbert de Saint-Amand
02726
Christopher Leadem
01828
C. M. Ingleby
02393
Charles Thompson
02765
Francis W. Blagdon
02574
Wilhelm Meinhold
02520
Johan Bojer
00856
Michel de Montaigne
01000
Alice Freeman Palmer
00721
William T. Hornaday
01649
Theocritus
01326
Nicolay Gogol
01045
Giovanni Boccaccio
01042
Henry M. Cist
01032
John Quincy Adams
00395
Charles Francis Adams
02788
Stephen Leacock
00991
Samuel Butler
00616
John Lawson
00594
Helen Gray Cone
02679
H. Irving Hancock
01761
Leonard W. King
00651
William Beckford
00665
Dr. rer. pol. Walter GrçŤŻnfeld
02034
Alexandre Dumas (Pere)
00414
Eustace Hale Ball
01554
The Rev. Alfred J. Church
01745
John Fox
00664
Human Genome Project
00989
Jennette Lee
01268
Captain Marryat
01784
Boswell
02561
Wolfgang Amadeus Mozart
01317
Helen Fryer
02371
Robert Frost
00874
Franz Joseph Haydn
01567
Frank Lewis Dyer and Thomas Commerford Martin
00370
Walter Biggs
00955
Henry Rider Haggard
01659
Ernest Scott
01165
Edward Estlin Cummings
02424
George W. Bush
01412
James Oliver Curwood
01241
Gail Hamilton
00729
Eugene O'Neill
01118
Charles Ramsdell Lingley
02745
Ethel D. Puffer
01050
Goldwin Smith
02040
Upton Sinclair
00077
Mrs. J. H. Riddell
02480
Josef Cohen
00974
Russell Martin Stendal
01810
Henry C. Tinsley
01896
George Ainslie Hight
02260
James Baldwin
01706
Alexander von Humboldt
01720
Coventry Patmore
01115
ELLWOOD P. CUBBERLEY
02208
Lord Byron
01437
Johann Wolfgang Von Goethe
00624
Benjamin Franklin
00082
Theodor Stein
02837
Hans Christian Andersen
00556
Erasmus Darwin
02685
Alfred Tennyson
00518
Asa Gray
01487
Frances Bacon
00743
Charles Farrar Browne (AKA Artemus Ward)
01985
Mme de Renneville
02750
Re-told by Ellen C. Babbitt
02205
Jingwu Tang
02149
Bjรถrnstjerne M. Bjรถrnson
02156
Amelia Edith Barr
01920
P. T. Barnum
02475
H. L. Mencken
00483
Franz Liszt; Letters assembled by La Mara and translated
01033
Lillian Elizabeth Roy
01638
Oscar D. Skelton
00839
Laura E. Richards
01482
Elias Johnson
02304
Sarah J Richardson
01578
S. O. Susag
02029
Franklin D. Roosevelt
01401
United States Arms Control and Disarmament Agency
00307
Julia Seton
02405
Lillian C. Garis
01483
Rosanna Eleanor Leprohon
01937
Emma D. E. N. Southworth
01068
Ezra Pound
02330
Robert Southey
00411
Marguerite de Valois
02222
Florence L. Barclay
01019
J. S. Fletcher
01491
Holman Day
01307
J. M. Synge
00423
Samuel Johnson
00298
Hugo DeVries
02102
Mr. and Mrs. Haldeman-Julius
00410
B. M. Bower
00253
Theresa Gowanlock
01838
Franklin K. Lane
01154
George W. Caldwell
01661
Roland Cheney
01829
Ludwig van Beethoven
00066
(AKA David Grayson) Ray Stannard Baker
00756
Glenn D. Bradley
01289
Clarence Edgar Johnson
00255
Ferdinand Raimund
01849
Thomas Kelly Cheyne
02315
Booth Tarkington
00159
Eugene Field
00223
PĂ­o Baroja
02361
B.M. Sinclair, AKA B. M. Bower
00618
Tommaso Campanella
00833
Gua Shen
02132
Bernard Mandeville
02254
Edgar Rice Burroughs
00038
George Willis Cooke
02482
John Murray and Marion Mills Miller
00343
Johann Wolfgang von Goethe
00629
Lew. Wallace
01940
E.T.A. Hoffmann
01732
James Allen
01237
William Dean Howells, Mary E. Wilkins Freeman, Mary Heaton Vorse, Mary Stewart Cutting, Elizabeth Jordan, John Kendrick Bangs, Henry James, Elizabeth Stuart Phelps, Edith Wyatt, Mary Raymond Shipman Andrews, Alice Brown, Henry Van Dyke
01417
Thomas Mitchell
02766
S.R. Crockett
01339
T.S. Arthur
01267
Charles Sumner
01710
George A. Warren
02768
Fergus Hume
00847
Helen Bannerman
00508
Jerome Klapka, AKA Jerome K. Jerome
00510
George Berkeley
01310
Owen Wister
00386
H. H. Fick
02397
William J. Claxton
00351
Colette
01791
John Moody
02800
Michel Baron
01335
F. W. H. Myers
02521
Pierre Gallet
02449
Charles de Bernard
01110
Irvin S. Cobb
00467
Jane D. Abbott
01947
W. W. Story
02645
Carl Russell Fish
00904
Katherine Chandler
01581
Lucas Malet
02468
Rebecca Harding Davis
00178
Henry Fielding
00450
Hugh Lofting
00247
Theodore Roosevelt
00956
Lieutenant Maturin Murray
01332
George Borrow
00214
Camille Saint-Saens
01616
Charles W. Chesnutt
00234
Thames Ross Williamson
01780
Lord Frederick Hamilton
01080
W. B. Laughead
01595
Margot Asquith
01201
Theophile Gautier
00470
Erckmann-Chatrian
02370
Francois Coppee
01105
Henry Hunt
02429
Eleanor Atkinson
00809
Johann Christoph Friedrich von Schiller
01798
David W Carnegie
01363
Bao Gan
02110
Noah Brooks
00471
Jane Porter
01815
Stephen Vincent Benet
00166
Mrs. Charles Bryce
02705
R. D. Blackmore
00377
John Dos Passos
01740
Alfred Noyes
01820
John H. Humphreys
02692
Gertrude Page
01542
William Elliott Griffis
02634
James E. Seaver
01991
C. K. Ober
02291
J. F. Bone
00768
Ivan Sergeevich Turgenev
02687
(A.E.) George William Russell
02337
Friedrich de La Motte-Fouque
00837
Joshua Slocum
01717
Richard Kaufman
02734
F. W. Moorman
00919
Rafael Sabatini
00537
Neltje Blanchan
02541
Sinclair Lewis
00256
Clinton Scollard
02236
James Harvey Robinson
02324
Mrs. Belle Kendrick Abbott
01356
W. P. Livingstone
02556
Robert M. Yerkes
02835
James Stephens
00558
Cao Xueqin
02681
Vicente Blasco Ibanez
00541
Margaret Turnbull
02735
John Keble
01181
Sax Rohmer
00099
Mrs. Charles J. Woodbury
01552
George Gissing
00538
Marie Le Prince de Beaumont
02041
Homer and Hesiod
00184
Xi Zhu
02161
William George Jordan
01969
Thomas Papanikolaou
00365
(AKA Clive Hamilton) C. S. Lewis
00643
Joel Chandler Harris
00714
Annie Russell Marble
02107
Prince de Joinville
01569
Peter B. Kyne
01579
Charlotte BrontĂŤ
02606
Emilie Kip Baker
02118
Samuel Adams
00677
Helena Pretrovna Blavatsky
01873
Andrew McFarland Davis
01945
William Cowper
01036
Henri Barbusse
01225
John Lothrop Motley
01333
Ernest Giles
01362
Oliver Wendell Holmes, Jr.
00725
Willem Bilderdijk
02433
Friedrich Kerst and Henry Edward Krehbiel
01128
Arthur Weir
02026
Michel De Montaigne
02216
L. Onerva
02414
Harold P. Manly
02299
Kenneth Grahame
00144
Harriet Annie Wilkins
02360
John Bunyan
00071
Noah Webster
00128
United States National Aeronautics and Space Administration
00340
James De Mille
01236
Lord Bolingbroke
01438
Thomas Chandler Haliburton
01599
Saxo Grammaticus ("Saxo the Learned")
00452
Walter Raleigh
00177
John George Bourinot
01783
Henry Thomas Hamblin
02100
Fannie E. Newberry
01727
George Meredith
00434
Henri-Frédéric Amiel
02459
Karin Stephen
01729
Charles-Jean-Jacques-Joseph Ardant du Picq
02121
George Paston
01911
H. Rider Haggard
00319
William Shakespeare
00055
J. Clontz
02804
Woman's Institute of Domestic Arts and Sciences
02763
William Gilmore Simms
00378
William Schwenk Gilbert and Arthur Sullivan
00363
Mark Pattison
02522
John H. Haaren
01041
kniaz' Petr Alekseevich Kropotkin
01212
Robert W. Service
00136
Georgina Pell Curtis
01060
G. Stanley Hall
02604
Joanot Martorell and Marti Johan d'Galba
00198
Jehudah Steinberg
02454
J. Macdonald Oxley
02774
John Thackray Bunce
02390
Maynard Barbour
00695
William MacLeod Raine
00584
Georgiana Fullerton
02440
William  Dean Howells
02046
Jeremiah Rev. Chaplin
01604
Standish O'Grady
02339
Thomas Holcroft
02666
Dillon Wallace
01121
Giberne Sieveking
02128
Frank Pinkerton
01558
Tadashi Nakashima
00268
Coalition for Networked Information
00132
Gotthold Epraim Lessing
02608
Annie Hamilton Donnell
00964
John Munro
01306
Mary J. Holmes
01008
Andreas Gottlieb Hoffmann (Translator | Editor)
01116
Percy K. Fitzhugh
01856
Pye Henry Chavasse
01831
Hippolyte A. Taine
00786
John Tyndall
00468
Joyce Kilmer
00140
Clarence E. Mulford
01341
E. A. Wallis Budge
02050
Alfred Rochefort
01686
Theodore A. Dodge
01568
George Alfred Henty
02272
Will Levington Comfort
01735
John Galt
00490
Charles Farrar Browne
00928
Frances M.A. Roe
01931
Dr. Isabelle A. Moser with Steve Solomon
01214
Colonel Eugene C. Jacobs
02409
Trans. George Thibaut
02123
Charles Wesley Emerson
01350
Marie L. McLaughlin
00181
A. S. M. Hutchinson
01757
Samuel Hopkins Adams
01385
Huguette Bertrand
01258
Lucy Maud Montgomery
00027
H. R. Haggard
00901
Evelyn Scott
01247
Victor Appleton
00245
James Gillman
02572
Carrie V. Shuman
01885
William Stearns Davis
01308
Lady Biddulph of Ledbury
02085
Vladimir Nosek
02842
Alfred Lichtenstein
01220
Charles Boardman Hawes
02701
Sidonie Matzner Gruenberg
02761
Wallace Irwin
01321
Arthur E. Knights
01291
Yang Shang
02165
Juliana Horatio Ewing
02271
Isabella Valancy Crawford
01927
Count Lyof N. Tolstoi
00995
Percy Bysshe Shelley
01278
Sarah J. Eddy
01577
Evangeline Booth and Grace Livingston Hill
02249
Nellie L. McClung
01222
Ambrogia Bazzero
02693
William J. Locke
01081
Li Yu
02829
John Jay Smith and John F. Watson
02279
Jules Renard
01256
Dan Scavelle
00133
John Lyde Wilson
02814
James O'Meara
01275
Francis Parkman
01953
C. Joh Kieviet
01908
J. Sheridan Le Fanu
02781
Henryk Sienkiewicz
00843
F. H. Leeds
02358
Edited by Walter Barnes
01827
Vera
02425
Antonio de Morga
02012
Oscar Maria Graf
02309
Geraldus Cambrensis
00449
United States Government
01470
Thomas de Quincey
01683
Lilyan Stratton
01621
M. A. Nicholl
01999
Richard Bradley
02111
Edward George Bulwer-Lytton
00551
Alphonse Esquiros
02695
Mariano Azuela
00259
George Stuart Fullerton
01782
Hilaire Belloc
02160
Nellie M. Leonard
02228
Calleja
02543
Eliza Lee Follen
01122
Philip Sidney
00631
Charlotte Selina Bompas
01859
Jean de La Fontaine
01488
Harry Castlemon
01989
Cosmo Hamilton
01015
Eliza Chase
01900
Lloyd Osbourne
01353
Helen M. Johnson
01928
Shell Oil Company
01325
Alexandre Dumas, Pere
00479
George Du Maurier
02722
Peter Esprit Radisson
01971
Frances Hodgson Burnett
00063
Aleksandr Sergeevich Pushkin
01494
Lord Dunsany [Edward J. M. D. Plunkett]
02263
Ernest Alfred Vizetelly
02753
Anna Harriette Leonowens
02502
Louey Chisholm
02193
K. Kay Shearin
02230
Friedrich de la Motte Fouque
00836
Hubert Howe Bancroft
00765
Thomas De Quincey
00654
Edward Harrison Barker
02460
Major Archibald Lee Fletcher
01730
Charles Lamb
02229
Thomas Wright
01197
Guy De Maupassant
02839
Mary Mapes Dodge
00344
Carl von Clausewitz
00625
(AKA Ralph Iron) Olive Schreiner
00533
George Lincoln Walton, M.D.
02463
Theodor Fontane
01498
Guanzhong Luo
01260
Ambrose Bierce
00196
David Magie Cory
00716
M. Guizot and Madame Guizot De Witt
02035
Latta Griswold
02740
Hector St. John de Crevecoeur
01285
August Wilhelm Schlegel, trans John Black
02069
Charles Warren Stoddard
00942
Frances Little
01625
Francis Augustus Cox
02710
Jacob Abbott
02821
Stijn Streuvels
02419
Clarence B. Kelland
01594
Edna A. Brown
02010
Mary E. Wilkins Freeman
00417
M. P. Shiel
02009
Ediwn Erle Sparks
01862
Robert S. Carroll
01634
C. J. Cornish
02503
E. W. Hornung
00318
Young E. Allison
02506
Ellen Glasgow
01951
Francis Bacon
00267
William James
00291
Eugene Labiche and Edouard Martin
02657
John Bursey
00871
Anna Kelsey Howard
02329
A. O. Brownson
00660
Ralph Connor
00921
Ernest Savage
00563
Richard Brinsley Sheridan
00621
Robert Williams Wood
00555
William Makepeace Thackeray (AKA "Michael Angelo Titmarch")
00795
Edmund Lester Pearson
01415
J. Storer Clouston
00561
J. R. Miller
02640
Michael Fairless
00317
Henry Craik
01865
E. R. Punshon
00609
Grace M. Remick
01523
Will Irwin
00943
Susan Warner
02545
W. M. Thackeray
00769
Hannah S. Battersby
02139
Edward Bulwer-Lytton
01699
Sheridan
02053
Georges Duhamel
01205
Florence Converse
00722
Thomas Hariot
01173
Harriet Beecher Stowe
00106
Ivan S. Turgenev
00754
Romain Rolland
02298
Thomas Love Peacock
00415
Julius Koestlin
02300
S. Weir Mitchell
00311
Hjalmar Hjorth Boyesen
00355
Henry Adams
00656
Ottilie A. Liljencrantz
00951
Amelia B. Edwards
02394
Edward Gibbon
00325
John Locke
02159
Oscar Wilde
00100
Walter H. Eddy
02307
Basil Hall Chamberlain
02797
Johannes Brahms
02811
George Washington Cable
02731
Charles Sainte-Foi
01824
William and Ellen Craft
00271
Luigi Capuana
02113
Benjamin Cardozo
00512
Mary F. Sandars
02677
Sarah Anne Curzon
02101
Alexander Hamilton
00007
H. W. C. Davis
01744
Mildred Stapley
01923
Frank Frankfort Moore
00690
Ellis Parker Butler
00489
Various editors
00869
E. Philips Oppenheim
00709
John Knox Laughton
02718
Madame D'Arblay
01647
The US Copyright Office
01193
Charles Baudelaire
01670
Thomas Jefferson
00161
Thomas Cowherd
02060
John W. Moore
01664
H. A. Cody
02380
Robert Schumann
01667
Havelock Ellis
02348
Homer
00578
Emma Goldman
00694
Belle K. Maniates
02783
Frederick Marryat
01845
Annie Fields
02527
Torquato Tasso
00204
Stephen Hudson
02353
T. W. Lumb
02342
J. Morris Slemons
02064
Immanuel Kant
01184
Shao Liu
02095
Richard Steele
00794
Cesare Cantu'
01958
T. B. Ray
01187
J. W. Mackail
02554
Amelia E. Barr
00153
Juan Ramon Jimenez
02780
United States Rubber Company
01323
Effie M. Williams
02022
Ruth Ogden
00587
Francis Grose
01510
W. S. Harris
01796
Edward Winslow Martin
02537
Joseph Sheridan Le Fanu
00250
John S. C. Abbott
01059
Robert Hichens
00751
Lord Lytton
02470
Gorges Edmond Howard
02264
Nettie Garmer Barker
00197
Jean-Baptiste Poquelin Moliere
02795
Henry Drummond
02636
Francis McConnell
02671
Emile Littre
01345
Grace Helen Kent
02603
Founding Fathers
00000
Joseph Anglade
02579
Various
00017
Jesse Macy
00878
Louis Tracy
01377
Mian Wang
02098
Gildas
00626
Edwin Lawrence Godkin
02109
J.G. Austin
01293
Richard C Trench
02818
Hugh Walpole
00979
Annie Fellows Johnston
02247
Kaiten Nukariya
01452
Oliver Wendell Holmes, Sr.
00803
John Esten Cooke
02410
Sarah Grand
01943
Ellen Robena Field
00635
Henry Clay
00327
Mrs. W. G. Waters
00405
John Jay Smith
02280
Mary FitzGibbon
02052
Grace Isabel Colbron, and Augusta Groner
00593
Rev. William Evans
01646
Charles A. Ellwood
01817
Joseph Rodman Drake
00169
Helen Campbell
01942
Bruno Schulz
02344
Maturin Murray
01292
Andrew Lang
00326
Mary Parmele
01688
Mrs. S.T. Rorer
01763
Anthony Hamilton
01514
Walter Pater
00735
(a.k.a. Mrs. Everard Cotes) Sara Jeannette Duncan
01489
James Boswell
00550
Michael Russell
02538
Juliana Horatia Ewing
01525
Lytton Strachey
00481
Carboni Raffaello
00996
James Whitcomb Riley
01327
Fred M. White
02727
Jim Tinsley
02597
Maurice Le Blanc
02276
Eleanor Farjeon
00652
Harold Bell Wright
01314
Apollonius Rhodius
00372
Albert Ten Eyck Olmstead
01811
Arthur Hugh Clough
00522
Robert Barr
01366
Frédéric Nietzsche.
01481
Millard Fillmore
01394
Frederich Schiller
01916
James Monroe
02809
Robert Neilson Stephens
02542
George Park Fisher
02555
Rosa Praed
01131
Isaak Walton
02611
P. M. Hough
02534
William H. Elson
01993
Mildred Maddocks
02177
Frances (Fanny) Burney (Madame dâArblay)
02067
Charles Lever
02472
Maurice W. Brockwell
02237
F. M. McMurry
01675
Walter Lynwood Fleming
00853
Alexandre Dumas, fils
00559
Martin van Buren
01390
Emlyn Williams
02226
Frank Gee Patchin
01373
Julius CÄsar
00114
Oliver Wendell Holmes, Sr. (The Physician and Poet not the Jurist)
00922
Joel Dorman Steele
02006
John Tyler
01391
Samuel Merwin
02395
Thomas Stevens
01440
Dean S. Fansler
02392
Paul Green Tomlinson
02755
Pedro Calderon de la Barca
00787
William H. Elson and Christine M. Keck
02596
Mary Elizabeth Braddon
02571
Electronic Frontier Foundation
00067
United States Army
00151
H. C. Yarrow
01781
Dr. Martin Luther
00216
Herbert Carter
02318
H. Belloc
02151
Charles Reade
00520
Sarah Orne Jewett
00192
Halliday G. Sutherland
02524
Henry A. Shute
01430
Richard Burton
02055
B. Perez Galdos
00750
Alfred de Vigny
01103
Mary Hartwell Catherwood
01967
Adam Ferguson, L.L.D.
02486
Caius Sallustii Crispi (Sallustius)
02168
Eros Urides and J. L. Kennon
00263
D. J. Medley
02146
Jean Pierre Camus
02607
Margaret Vandercook
02493
William H. Taft
01397
EugÄne Scribe
02751
Greg Fee
00305
Gulielma Zollinger
02246
Thomas Chapais
01361
Herbert Spencer
01608
Mrs. H. M. Maxwell
02841
Esaias Tegne'r
01053
Mary W. Shelley
01300
Clara M. S. Lowe
01891
J. Stewart Barney
02256
Sarah Tytler
01968
Zoeth S. Eldredge and E. J. Molera
01364
James Branch Cabell
00154
John Lord
00546
L. Schipper
01976
Robert Chambers
02057
Ida Lee
02203
William Henry Hudson
01469
James Russell Lowell
00391
Walter Hawkins
00659
Isabella Lucy Bird
02210
R. W. Wright
02620
John Thomas Codman
02282
Jerome K. Jerome
00165
Edward William Watkin
01952
"A Religious of the Ursuline Community"
01792
Edward Peple
02616
Jacob Burckhardt
00672
William Sangster
01866
Frances Margaret Fox
02225
Thomas Edwards
00815
Chas. A. Tyrrell
00973
Inez Haynes Gillmore
01270
Nikolai Vasilievich Gogol
00446
Sara Jeanette Duncan
00454
L. Frank Baum
00033
Thomas H. Huxley
00855
Susanna Moodie
01230
C. F. [Constantin Francois de] Volney
00524
Margaret Sidney
00818
George Durston
01563
H. G. (Herbert George) Wells
00022
Charles Dickens and Wilkie Collins
00528
John Stuart Mill
01434
Pierre Lou˙s
02806
Ludovic Halevy
01104
William H. Prescott
00504
EHA
02832
Bramwell Booth
02377
William Allen White
01541
Laura Lee Hope
00321
Guy Whitmore Carryl
01770
Calvin Coolidge
01400
E. Ben Ez-er
02529
Anna Howard Shaw
00187
M. E. Braddon
02578
E. T. A. Hoffmann
02612
Joseph C. Lincoln
00669
Jonathan Dunn
02516
Louise Muhlbach
00684
William Day Simonds
01274
Michael Scott
02116
A. K. H. Boyd
01513
Edward J. Dent
02589
Hall Caine
00494
Laozi
02140
Knut Hamsun
02093
John Galsworthy
00699
Paramhansa Yogananda
02183
J. E. Hutton
00679
Chao Zhang
02174
Anna Katharine Green
00453
Jean Mace
01997
Hans Bethge
02605
Ernst Moritz Arndt
01851
Joseph Addison and Richard Steele
00947
Elbridge S. Brooks
00542
George W. Gough
02136
Lewis Goldsmith
01094
Samuel Smiles
00208
Samuel Taylor Coleridge
00084
Brother Lawrence
01550
Pansy
02697
William L. Stidger
02056
Garrett Serviss
01846
Marcus Clarke
00966
L. H. Bailey
02678
Goldsworthy Lowes Dickinson
01708
Ni Zhang
02171
Alice Brown
02633
Jean-Jacques Rousseau
01521
John Lewis Burckhardt
02660
Henry Blake Fuller
02333
Oliver Optic
00238
Franz Josef Haydn
00148
Madame de Stael
01284
Henry M. Stanley
01445
James de Mille
02469
Petronius Arbiter
01471
Edward Mandell House
01889
Ivan Turgenev
01573
Wilbur Lawton
01963
St. John of Damascus
00334
Christian Fuerchtegott Gellert
02626
Abbé Prévost
00230
Lady Barker
01633
Geoffrey de Villehardouin
01644
Homer, translated by Alexander Pope
00907
Alexander Dumas, Pere
02215
J. B. Bury
01255
Andrew Barton 'Banjo' Paterson
00163
Charles E. Morris
01544
Bruce Sterling
00056
The National Atomic Museum
00149
Martha Summerhayes
00437
Edgar A. Guest
00174
Samuel Rowlands
02376
OLIVER T. OSBORNE, A.M., M.D.
01044
Austin Hall
01340
Friedrich Hebbel
01141
Daniel C. Eddy
02473
Andreas Latzko
02421
Charles Thomas Cruttwell
02209
T. Sturge Moore
02729
Sydney G. Fisher
00883
William Harmon Norton
01153
Robert Grant
02224
Anna Chapin Ray and Hamilton Brock Fuller
01002
Ayn Rand
00475
Alexander Whyte
00607
William H. Gilder
01830
Vivia Hemphill
00944
John Burckhardt
02549
May Sinclair
02617
Robert Stead
00924
Herodotus
00683
Anna Katherine Green
00724
W. B. M. Ferguson
00862
John McCrae
00186
Bracebridge Hemyng
02138
Leo Tolstoy
00126
John Adams
01387
John Richardson
01309
Andrew Lang.
00070
Robert Bloomfield
02575
B.W. Matz
01466
Alice Turner Curtis
01559
Kin-nosuke Natsume
02836
Lewis Carroll
00002
Leo Tolstoi
00310
George M. Wrong
00892
E. Barrington
02416
Japan
00284
Porter Emerson Browne
01712
Captain Wilbur Lawton
01698
Elia W. Peattie
00604
Lightheart
01549
Allen Chapman
02278
Ludwig Leichhardt
01383
Leonid Andreyev
01894
I. Windslow Ayer
02457
I. T. Thurston
02404
Sir John Lubbock
02290
Louis Stone
01030
Chretien DeTroyes
00373
George Washington
01386
British Museum
02759
Charlotte Bronte
00480
Joseph Crosby Lincoln
00920
Kate Douglas Wiggin
00244
Oliver Wendell Holmes (Sr.)
00802
Harlan K. Ullman
02828
Adelaide L. Fries
00264
William H. Davies
02625
Christian Morgenstern
02689
Israel Zangwill
01711
Thomas Hobbes
00914
Paul Severing
01692
James Bryce
00963
James R. McConnell
02002
Hesba Stretton
02154
Edward John Moreton Drax Plunkett, Baron, Dunsany
01186
Kate Seymour Maclean
01841
Vaughan Kester
01436
Willis George Emerson
00868
Charles Felton Pidgin
02197
Lucretia P. Hale
00875
Mary Wollstonecraft [Godwin]
00965
Adam Lindsay Gordon
00135
Joseph Stump
02758
F. H. King
01508
Charles Godfrey Leland
01918
Charlotte Mary Yonge
02084
Woodrow Wilson
01398
May C. Hofmann
02420
Friedrich Wilhelm Nietzsche
02087
William Henry Rhodes
01461
C.C. Andrews
01365
Plautus
02117
Rabindranath Tagore
00763
Madame De Montespan
02219
George K. Pattee
01785
John Brown
01516
Horatio Alger and Thomas Chandler Haliburton
01612
Katherine Cecil Thurston
01517
Giacomo Casanova (AKA Jacques Casanova de Seingalt)
02214
Johanna S. Wisthaler
02651
Cicely Kent
01994
Ronald Reagan
01409
W.H. Hudson (AKA Henry Harford)
02257
John Oxley
01503
Octave Feuillet
01102
Henry Kingsley
01064
K. M. Barrow
02384
Helen Elliott Bandini
02233
Martin Luther
00147
Ella Wheeler Wilcox
00917
John R. Hutchinson
01914
Mungo Park
01484
Milo Hastings
02743
A. Frances Friebe
02206
Danske Dandridge
02258
Robert Alexander Wason
01039
William Wordsworth
02525
William John Wills
01598
Elizabeth Gaskell
00589
Thomas Belt
01719
Edwin Arnold
02562
C. S. Calverley
01147
Khalil Gibran
01531
Carl Maag and Steve Rohrer
00258
L. T. Meade
01695
Frank Jardine and Alexander Jardine
01242
Laura Fitinghoff
02725
Frank Harris
02072
Frank T. Bullen
00517
Madame du Hausset an "Unknown English Girl" and Princess Lamballe
02218
Christopher Marlowe
00364
John Wilson Ross
02593
Charles Edward Stowe
01884
Cardinal De Retz
02221
Florence Akin
02659
Frederick Landis
02610
Olive Schreiner
00531
James W. Steele
02275
Henry C. Adams
02305
Louis Christian Mullgardt
02696
Alexander Pushkin
01423
